// Jest Snapshot v1, https://goo.gl/fbAQLP

exports[`FormInput component should render correctly 1`] = `
<DocumentFragment>
  <div
    class="form"
  >
    <form />
  </div>
</DocumentFragment>
`;
